------------------------------------------------------------
Timing Analyzer Summary
------------------------------------------------------------

Type  : Slow 1100mV 85C Model Setup 'Clk'
Slack : -20.271
TNS   : -286354.967

Type  : Slow 1100mV 85C Model Hold 'Clk'
Slack : 0.459
TNS   : 0.000

Type  : Slow 1100mV 85C Model Minimum Pulse Width 'Clk'
Slack : -0.538
TNS   : -13027.547

Type  : Slow 1100mV 0C Model Setup 'Clk'
Slack : -19.995
TNS   : -279419.538

Type  : Slow 1100mV 0C Model Hold 'Clk'
Slack : 0.483
TNS   : 0.000

Type  : Slow 1100mV 0C Model Minimum Pulse Width 'Clk'
Slack : -0.538
TNS   : -13301.572

Type  : Fast 1100mV 85C Model Setup 'Clk'
Slack : -10.710
TNS   : -145608.693

Type  : Fast 1100mV 85C Model Hold 'Clk'
Slack : 0.180
TNS   : 0.000

Type  : Fast 1100mV 85C Model Minimum Pulse Width 'Clk'
Slack : -0.100
TNS   : -1532.401

Type  : Fast 1100mV 0C Model Setup 'Clk'
Slack : -9.368
TNS   : -128368.303

Type  : Fast 1100mV 0C Model Hold 'Clk'
Slack : 0.171
TNS   : 0.000

Type  : Fast 1100mV 0C Model Minimum Pulse Width 'Clk'
Slack : -0.099
TNS   : -1541.106

------------------------------------------------------------
